C51 COMPILER V9.52.0.0   IR_REMOTE_CAR                                                     07/15/2014 10:18:23 PAGE 1   


C51 COMPILER V9.52.0.0, COMPILATION OF MODULE IR_REMOTE_CAR
OBJECT MODULE PLACED IN IR-Remote-Car.OBJ
COMPILER INVOKED BY: C:\Keil\C51\BIN\C51.EXE IR-Remote-Car.c BROWSE DEBUG OBJECTEXTEND TABS(2)

line level    source

   1          /*
   2          TA7267
   3          IN1 IN2 OUT1 OUT2
   4           1   1    L    L break
   5           0   1    L    H backward
   6           1   0    H    L forward
   7           0   0    Z    Z nothing
   8          */
   9          /*
  10          Wiring
  11            YELLOW
  12            BLACK
  13            RED
  14            YELLOW
  15            ORANGE
  16            BLUE
  17          */
  18          /*
  19            direction:
  20            0x01: //UP
  21            0x05: //UP+LEFT
  22            0x09: //UP+RIGHT
  23            0x02: //DOWN
  24            0x06: //DOWN+RIGHT
  25            0x0A: //DOWN+RIGHT
  26            0x04: //LEFT
  27            0x08: //RIGHT
  28          */
  29          #include <STC12C5A60S2.H>
  30          #include <intrins.h>
  31          #define ALL_WIDTH 20000 //20ms
  32          #define FULL 65535
  33          #define ADRESS 0xA5
  34          #define IRHIGH 1844
  35          #define IRLOW 524
  36          #define HEAD 8400
  37          sbit SERVOMOTOR1=P1^3; //PWM I/O
  38          sbit LIMITSWITCH=P3^2; // INT0
  39          sbit IR_RECEIVER=P3^3; // INT1
  40          sbit IN1=P0^1;
  41          sbit IN2=P0^2;
  42          unsigned char IRdirection;
  43          unsigned int servoMotorHighTime = 1250;
  44          void setup();
  45          void Delay100ms();
  46          void UartInit (void);
  47          void uartSend (unsigned char number);
  48          void main(){
  49   1        setup();
  50   1        UartInit();
  51   1        while(1){
  52   2          if(IRdirection == 0x04) servoMotorHighTime = 1000;
  53   2          if(IRdirection == 0x04) servoMotorHighTime = 1500;
  54   2        }
  55   1      }
C51 COMPILER V9.52.0.0   IR_REMOTE_CAR                                                     07/15/2014 10:18:23 PAGE 2   

  56          void setup(){
  57   1        EA = 1;
  58   1        ET0 = 1;
  59   1        EX0 = 1;
  60   1        EX1 = 1;
  61   1        IT1 = 1;
  62   1        PX0 = 1;
  63   1        TR0 = 0; //reset Timer0 Switch
  64   1        TR0 = 0; //reset Timer1 Switch
  65   1        TMOD = 0x11; //0010 0010
  66   1        TL0 = (FULL - ALL_WIDTH - servoMotorHighTime) %256;
  67   1        TH0 = (FULL - ALL_WIDTH - servoMotorHighTime) / 256;
  68   1        SERVOMOTOR1 = 0;
  69   1        TR0 = 1;
  70   1      }
  71          void servoMotor () interrupt 1 {
  72   1        TR0 = 0;
  73   1        if(SERVOMOTOR1){
  74   2          TL0 = (FULL - ALL_WIDTH - servoMotorHighTime) %256;
  75   2          TH0 = (FULL - ALL_WIDTH - servoMotorHighTime) / 256;
  76   2          SERVOMOTOR1 = 0;
  77   2        }
  78   1        else{
  79   2          TL0 = (FULL - servoMotorHighTime) %256;
  80   2          TH0 = (FULL - servoMotorHighTime) / 256;
  81   2          SERVOMOTOR1 = 1;
  82   2        }
  83   1        TR0 = 1;
  84   1      }
  85          void limitSwitch () interrupt 0{
  86   1        IN1 =0;
  87   1        IN2 =1;
  88   1        Delay100ms();
  89   1        Delay100ms();
  90   1        Delay100ms();
  91   1        Delay100ms();
  92   1        Delay100ms();
  93   1      }
  94          void Delay100ms()   //@12.000MHz
  95          {
  96   1        unsigned char i, j, k;
  97   1      
  98   1        _nop_();
  99   1        _nop_();
 100   1        i = 5;
 101   1        j = 144;
 102   1        k = 71;
 103   1        do
 104   1        {
 105   2          do
 106   2          {
 107   3            while (--k);
 108   3          } while (--j);
 109   2        } while (--i);
 110   1      }
 111          void irReceiver() interrupt 2{
 112   1        unsigned int counter;
 113   1        unsigned char adress;
 114   1        int i;
 115   1        IRdirection = 0;
 116   1        while(IR_RECEIVER == 0) counter++;
 117   1        uartSend(counter);
C51 COMPILER V9.52.0.0   IR_REMOTE_CAR                                                     07/15/2014 10:18:23 PAGE 3   

 118   1        if (counter >= HEAD){
 119   2          counter = 0;
 120   2          while(IR_RECEIVER == 1);
 121   2          while(IR_RECEIVER == 0);
 122   2          while(IR_RECEIVER == 1) counter++;
 123   2        }
 124   1        else{
 125   2          counter = 0;
 126   2          while(IR_RECEIVER == 1) counter++;
 127   2        }
 128   1        //Start Coding
 129   1        if (counter >= IRHIGH) adress = adress | 0x01;
 130   1        for(i=0;i<7;i++){
 131   2          while(IR_RECEIVER == 0);
 132   2          counter = 0;
 133   2          while(IR_RECEIVER == 1) counter++;
 134   2          if (counter >= IRHIGH) adress = adress | (0x02 << i);
 135   2        }
 136   1        for(i=0;i<8;i++){
 137   2          while(IR_RECEIVER == 0);
 138   2          counter = 0;
 139   2          while(IR_RECEIVER == 1) counter++;
 140   2          if (counter >= IRHIGH) IRdirection = IRdirection | (0x01 << i);
 141   2        }
 142   1      }
 143          void UartInit(void)   //9600bps@12.000MHz
 144          {
 145   1        PCON &= 0x7F;   //Baudrate no doubled
 146   1        SCON = 0x50;    //8bit and variable baudrate
 147   1        AUXR |= 0x04;   //BRT's clock is Fosc (1T)
 148   1        BRT = 0xD9;   //Set BRT's reload value
 149   1        AUXR |= 0x01;   //Use BRT as baudrate generator
 150   1        AUXR |= 0x10;   //BRT running
 151   1      }
 152          void uartSend (unsigned char number){
 153   1          SBUF = number;
 154   1          while(!TI);
 155   1          TI=0;
 156   1      }


MODULE INFORMATION:   STATIC OVERLAYABLE
   CODE SIZE        =    725    ----
   CONSTANT SIZE    =   ----    ----
   XDATA SIZE       =   ----    ----
   PDATA SIZE       =   ----    ----
   DATA SIZE        =      3       3
   IDATA SIZE       =   ----    ----
   BIT SIZE         =   ----    ----
END OF MODULE INFORMATION.


C51 COMPILATION COMPLETE.  0 WARNING(S),  0 ERROR(S)
