C51 COMPILER V9.52.0.0   IR_REMOTE                                                         07/14/2014 11:59:14 PAGE 1   


C51 COMPILER V9.52.0.0, COMPILATION OF MODULE IR_REMOTE
OBJECT MODULE PLACED IN IR-Remote.OBJ
COMPILER INVOKED BY: C:\Keil\C51\BIN\C51.EXE IR-Remote.c BROWSE DEBUG OBJECTEXTEND TABS(2)

line level    source

   1          /*
   2          UP    --- INT0,P1^2
   3          DOWN  --- INT0,P3^5
   4          RIGHT --- INT0,P1^1
   5          LEFT  --- INT0,P0^6
   6          */
   7          #include <STC12C5A60S2.H>
   8          #include <intrins.h>
   9          #define FULL 65535
  10          sbit IR = P1^3;
  11          sbit UP = P1^2;
  12          sbit DOWN = P3^5;
  13          sbit RIGHT = P1^1;
  14          sbit LEFT = P0^6;
  15          void IR_TR(unsigned char direction);
  16          void delay(unsigned int time);
  17          void steup(){
  18   1        CMOD = 0x08;
  19   1        CR = 0;
  20   1        CCAPM0 = 0x42;
  21   1        CCAP0L = 128;
  22   1        CCAP0H = 128;
  23   1        
  24   1        EA = 1;
  25   1        EX0 = 1;
  26   1        
  27   1        TMOD = 0x01;
  28   1        TL0 = 0;
  29   1        TH0 = 0;
  30   1        TR0 = 0;
  31   1        TF0 = 0;
  32   1        
  33   1        PCON = 0x02;//Power Down
  34   1      }
  35          void main(){
  36   1        steup();
  37   1        while(1){
  38   2        }
  39   1      }
  40          void selectDirection () interrupt 0{
  41   1        unsigned char direction = 0;//using 8bit to be a arrary and save direction
  42   1        PCON = 0x00;
  43   1        if(!UP){
  44   2          direction = 0x01;
  45   2        }
  46   1        if(!DOWN){
  47   2          direction = direction | 0x02;
  48   2        }
  49   1        if(!LEFT){
  50   2          direction = direction | 0x04;
  51   2        }
  52   1        if(!RIGHT){
  53   2          direction = direction | 0x08;
  54   2        }
  55   1        IR_TR(direction);
C51 COMPILER V9.52.0.0   IR_REMOTE                                                         07/14/2014 11:59:14 PAGE 2   

  56   1        PCON = 0x02;
  57   1      }
  58          void IR_TR(unsigned char direction){
  59   1        /*
  60   1        0x01: //UP
  61   1        0x05: //UP+LEFT
  62   1        0x09: //UP+RIGHT
  63   1        0x02: //DOWN
  64   1        0x06: //DOWN+RIGHT
  65   1        0x0A: //DOWN+RIGHT
  66   1        0x04: //LEFT
  67   1        0x08: //RIGHT
  68   1        */
  69   1        
  70   1      }
*** WARNING C280 IN LINE 58 OF IR-Remote.c: 'direction': unreferenced local variable
  71          void delay(unsigned int time){
  72   1        TL0 = FULL - (time %256);
  73   1        TH0 = FULL - (time /256);
  74   1        TR0 = 1;
  75   1        while(!TF0);
  76   1        TR0 = 0;
  77   1        TF0 = 0;
  78   1      }


MODULE INFORMATION:   STATIC OVERLAYABLE
   CODE SIZE        =    152    ----
   CONSTANT SIZE    =   ----    ----
   XDATA SIZE       =   ----    ----
   PDATA SIZE       =   ----    ----
   DATA SIZE        =   ----       1
   IDATA SIZE       =   ----    ----
   BIT SIZE         =   ----    ----
END OF MODULE INFORMATION.


C51 COMPILATION COMPLETE.  1 WARNING(S),  0 ERROR(S)
