C51 COMPILER V9.52.0.0   IR_REMOTE                                                         07/14/2014 14:34:03 PAGE 1   


C51 COMPILER V9.52.0.0, COMPILATION OF MODULE IR_REMOTE
OBJECT MODULE PLACED IN IR-Remote.OBJ
COMPILER INVOKED BY: C:\Keil\C51\BIN\C51.EXE IR-Remote.c BROWSE DEBUG OBJECTEXTEND TABS(2)

line level    source

   1          /*
   2          UP    --- INT0,P1^2
   3          DOWN  --- INT0,P3^5
   4          RIGHT --- INT0,P1^1
   5          LEFT  --- INT0,P0^6
   6          */
   7          #include <STC12C5A60S2.H>
   8          #include <intrins.h>
   9          #define FULL 65535
  10          #define ADRESS 0xA5
  11          sbit IR = P1^3;
  12          sbit UP = P1^2;
  13          sbit DOWN = P3^5;
  14          sbit RIGHT = P1^1;
  15          sbit LEFT = P0^6;
  16          unsigned char lastDirection;
  17          void IR_TR(unsigned char direction);
  18          void delay(unsigned int time);
  19          void steup(){
  20   1        CMOD = 0x08;
  21   1        CCAPM0 = 0x42;
  22   1        CR = 0;
  23   1        CCAP0L = 0;
  24   1        CCAP0H = 0;
  25   1        
  26   1        EA = 1;
  27   1        EX0 = 1;
  28   1        
  29   1        TMOD = 0x01;
  30   1        TL0 = 0;
  31   1        TH0 = 0;
  32   1        TR0 = 0;
  33   1        TF0 = 0;
  34   1      }
  35          void main(){
  36   1        steup();
  37   1        while(1){
  38   2          CCAP0L = 0;
  39   2          EA = 1;
  40   2          delay(500);
  41   2          PCON = 0x02;//Power Down
  42   2        }
  43   1      }
  44          void selectDirection () interrupt 0{
  45   1        unsigned char direction = 0;//using 8bit to be a arrary and save direction
  46   1      /*
  47   1        direction:
  48   1        0x01: //UP
  49   1        0x05: //UP+LEFT
  50   1        0x09: //UP+RIGHT
  51   1        0x02: //DOWN
  52   1        0x06: //DOWN+RIGHT
  53   1        0x0A: //DOWN+RIGHT
  54   1        0x04: //LEFT
  55   1        0x08: //RIGHT
C51 COMPILER V9.52.0.0   IR_REMOTE                                                         07/14/2014 14:34:03 PAGE 2   

  56   1      */
  57   1        EA = 0;
  58   1        delay(1000);
  59   1        if(!UP){
  60   2          direction = 0x01;
  61   2        }
  62   1        if(!DOWN){
  63   2          direction = direction | 0x02;
  64   2        }
  65   1        if(!LEFT){
  66   2          direction = direction | 0x04;
  67   2        }
  68   1        if(!RIGHT){
  69   2          direction = direction | 0x08;
  70   2        }
  71   1        IR_TR(direction);
  72   1      }
  73          void IR_TR(unsigned char direction){
  74   1        unsigned char i=0;
  75   1        unsigned char Adress = ADRESS;
  76   1        CCAP0L = 128; // start PWM
  77   1        CCAP0H = 128;
  78   1        if(lastDirection != direction){
  79   2          lastDirection = direction;
  80   2          CR = 1;
  81   2          delay(8400);
  82   2          CR = 0;
  83   2          delay(4200);
  84   2        }
  85   1        for(i=0;i<8;i++){
  86   2          if((Adress & 0x01)){
  87   3            CR = 1;
  88   3            delay(526);
  89   3            CR = 0;
  90   3            delay(1574);
  91   3          }
  92   2          else{
  93   3            CR = 1;
  94   3            delay(526);
  95   3            CR = 0;
  96   3            delay(524);
  97   3          }
  98   2          Adress = Adress >> 1;
  99   2        }
 100   1        for(i=0;i<8;i++){
 101   2          if((direction & 0x01)){
 102   3            CR = 1;
 103   3            delay(526);
 104   3            CR = 0;
 105   3            delay(1574);
 106   3          }
 107   2          else{
 108   3            CR = 1;
 109   3            delay(526);
 110   3            CR = 0;
 111   3            delay(524);
 112   3          }
 113   2          direction = direction >> 1;
 114   2        }
 115   1        CR = 1;
 116   1        delay(526);
 117   1        CR = 0;
C51 COMPILER V9.52.0.0   IR_REMOTE                                                         07/14/2014 14:34:03 PAGE 3   

 118   1        delay(20000);
 119   1      }
 120          void delay(unsigned int time){
 121   1        TL0 = (FULL - time) %256;
 122   1        TH0 = (FULL - time) /256;
 123   1        TR0 = 1;
 124   1        while(!TF0);
 125   1        TR0 = 0;
 126   1        TF0 = 0;
 127   1      }


MODULE INFORMATION:   STATIC OVERLAYABLE
   CODE SIZE        =    381    ----
   CONSTANT SIZE    =   ----    ----
   XDATA SIZE       =   ----    ----
   PDATA SIZE       =   ----    ----
   DATA SIZE        =      1       6
   IDATA SIZE       =   ----    ----
   BIT SIZE         =   ----    ----
END OF MODULE INFORMATION.


C51 COMPILATION COMPLETE.  0 WARNING(S),  0 ERROR(S)
